<html>
<body>
<pre>
<h1>µVision Build Log</h1>
<h2>Tool Versions:</h2>
IDE-Version: µVision V5.24.2.0
Copyright (C) 2017 ARM Ltd and ARM Germany GmbH. All rights reserved.
License Information: Gleb Kochevoy, Solo, LIC=AK1X7-EDELU-NRMXL-0UU66-YASNF-VJDIA
 
Tool Versions:
Toolchain:       MDK-ARM Professional  Version: 5.24.1
Toolchain Path:  D:\Programs\Keil_V5\ARM\ARMCC\Bin
C Compiler:      Armcc.exe V5.06 update 5 (build 528)
Assembler:       Armasm.exe V5.06 update 5 (build 528)
Linker/Locator:  ArmLink.exe V5.06 update 5 (build 528)
Library Manager: ArmAr.exe V5.06 update 5 (build 528)
Hex Converter:   FromElf.exe V5.06 update 5 (build 528)
CPU DLL:         SARMCM3.DLL V5.24.1
Dialog DLL:      DCM.DLL V1.16.0.0
Target DLL:      STLink\ST-LINKIII-KEIL_SWO.dll V3.0.1.0
Dialog DLL:      TCM.DLL V1.32.0.0
 
<h2>Project:</h2>
D:\Workspace\CMUX\88\MDK-ARM\88.uvprojx
Project File Date:  11/19/2018

<h2>Output:</h2>
*** Using Compiler 'V5.06 update 5 (build 528)', folder: 'D:\Programs\Keil_V5\ARM\ARMCC\Bin'
Rebuild target '88'
assembling startup_stm32f303x8.s...
compiling stm32f3xx_it.c...
compiling stm32f3xx_hal_msp.c...
compiling main.c...
../Src/main.c(132): warning:  #188-D: enumerated type mixed with another type
    HAL_GPIO_WritePin(
PIOB, 
PIO_PIN_0, RESET); //b1
../Src/main.c(133): warning:  #188-D: enumerated type mixed with another type
    HAL_GPIO_WritePin(
PIOB, 
PIO_PIN_1, SET);   //b2
../Src/main.c(134): warning:  #188-D: enumerated type mixed with another type
    HAL_GPIO_WritePin(
PIOB, 
PIO_PIN_7, SET);   //b3
../Src/main.c(135): warning:  #188-D: enumerated type mixed with another type
    HAL_GPIO_WritePin(
PIOB, 
PIO_PIN_6, SET);   //b4
../Src/main.c(140): warning:  #188-D: enumerated type mixed with another type
    HAL_GPIO_WritePin(
PIOB, 
PIO_PIN_0, SET);   //b1
../Src/main.c(141): warning:  #188-D: enumerated type mixed with another type
    HAL_GPIO_WritePin(
PIOB, 
PIO_PIN_1, RESET); //b2
../Src/main.c(142): warning:  #188-D: enumerated type mixed with another type
    HAL_GPIO_WritePin(
PIOB, 
PIO_PIN_7, SET);   //b3
../Src/main.c(143): warning:  #188-D: enumerated type mixed with another type
    HAL_GPIO_WritePin(
PIOB, 
PIO_PIN_6, SET);   //b4
../Src/main.c(148): warning:  #188-D: enumerated type mixed with another type
    HAL_GPIO_WritePin(
PIOB, 
PIO_PIN_0, SET);   //b1
../Src/main.c(149): warning:  #188-D: enumerated type mixed with another type
    HAL_GPIO_WritePin(
PIOB, 
PIO_PIN_1, SET);   //b2
../Src/main.c(150): warning:  #188-D: enumerated type mixed with another type
    HAL_GPIO_WritePin(
PIOB, 
PIO_PIN_7, RESET); //b3
../Src/main.c(151): warning:  #188-D: enumerated type mixed with another type
    HAL_GPIO_WritePin(
PIOB, 
PIO_PIN_6, SET);   //b4
../Src/main.c(156): warning:  #188-D: enumerated type mixed with another type
    HAL_GPIO_WritePin(
PIOB, 
PIO_PIN_0, SET);   //b1
../Src/main.c(157): warning:  #188-D: enumerated type mixed with another type
    HAL_GPIO_WritePin(
PIOB, 
PIO_PIN_1, SET);   //b2
../Src/main.c(158): warning:  #188-D: enumerated type mixed with another type
    HAL_GPIO_WritePin(
PIOB, 
PIO_PIN_7, SET);   //b3
../Src/main.c(159): warning:  #188-D: enumerated type mixed with another type
    HAL_GPIO_WritePin(
PIOB, 
PIO_PIN_6, RESET); //b4
../Src/main.c(164): warning:  #188-D: enumerated type mixed with another type
    HAL_GPIO_WritePin(
PIOB, 
PIO_PIN_0, SET);  //b1
../Src/main.c(169): warning:  #188-D: enumerated type mixed with another type
    HAL_GPIO_WritePin(
PIOB, 
PIO_PIN_1, SET); //b2
../Src/main.c(174): warning:  #188-D: enumerated type mixed with another type
    HAL_GPIO_WritePin(
PIOB, 
PIO_PIN_7, SET); //b3
../Src/main.c(179): warning:  #188-D: enumerated type mixed with another type
    HAL_GPIO_WritePin(
PIOB, 
PIO_PIN_6, SET); //b4
../Src/main.c(253): warning:  #188-D: enumerated type mixed with another type
    HAL_GPIO_WritePin(
PIOB, 
PIO_PIN_0, SET);  //b1
../Src/main.c(254): warning:  #188-D: enumerated type mixed with another type
    HAL_GPIO_WritePin(
PIOB, 
PIO_PIN_1, SET); //b2
../Src/main.c(255): warning:  #188-D: enumerated type mixed with another type
    HAL_GPIO_WritePin(
PIOB, 
PIO_PIN_7, SET); //b3
../Src/main.c(256): warning:  #188-D: enumerated type mixed with another type
    HAL_GPIO_WritePin(
PIOB, 
PIO_PIN_6, SET); //b4
../Src/main.c: 24 warnings, 0 errors
compiling stm32f3xx_hal_adc.c...
compiling stm32f3xx_hal_can.c...
compiling stm32f3xx_hal_adc_ex.c...
compiling stm32f3xx_hal_spi.c...
compiling stm32f3xx_hal_spi_ex.c...
compiling stm32f3xx_hal_tim.c...
compiling stm32f3xx_hal.c...
compiling stm32f3xx_hal_tim_ex.c...
compiling stm32f3xx_hal_rcc.c...
compiling stm32f3xx_hal_rcc_ex.c...
compiling stm32f3xx_hal_gpio.c...
compiling stm32f3xx_hal_dma.c...
compiling stm32f3xx_hal_pwr.c...
compiling stm32f3xx_hal_cortex.c...
compiling stm32f3xx_hal_pwr_ex.c...
compiling stm32f3xx_hal_flash_ex.c...
compiling stm32f3xx_hal_flash.c...
compiling stm32f3xx_hal_i2c.c...
compiling system_stm32f3xx.c...
compiling stm32f3xx_hal_i2c_ex.c...
linking...
Program Size: Code=13240 RO-data=472 RW-data=116 ZI-data=1516  
FromELF: creating hex file...
"88\88.axf" - 0 Error(s), 24 Warning(s).

<h2>Software Packages used:</h2>

Package Vendor: ARM
                http://www.keil.com/pack/ARM.CMSIS.5.4.0.pack
                ARM.CMSIS.5.4.0
                CMSIS (Cortex Microcontroller Software Interface Standard)
   * Component: CORE Version: 5.1.2

Package Vendor: Keil
                http://www.keil.com/pack/Keil.STM32F3xx_DFP.2.1.0.pack
                Keil.STM32F3xx_DFP.2.1.0
                STMicroelectronics STM32F3 Series Device Support and Examples

<h2>Collection of Component include folders:</h2>
  .\RTE\_88
  D:\Programs\Keil_V5\ARM\PACK\ARM\CMSIS\5.4.0\CMSIS\Core\Include
  D:\Programs\Keil_V5\ARM\PACK\Keil\STM32F3xx_DFP\2.1.0\Drivers\CMSIS\Device\ST\STM32F3xx\Include

<h2>Collection of Component Files used:</h2>

   * Component: ARM::CMSIS:CORE:5.1.2
Build Time Elapsed:  00:00:31
</pre>
</body>
</html>
